МИНИСТЕРСТВО НАУКИ И ВЫСШЕГО ОБРАЗОВАНИЯ РОССИЙСКОЙ ФЕДЕРАЦИИ федеральное государственное автономное образовательное учреждение высшего образования «САНКТ-ПЕТЕРБУРГСКИЙ ГОСУДАРСТВЕННЫЙ УНИВЕРСИТЕТ АЭРОКОСМИЧЕСКОГО ПРИБОРОСТРОЕНИЯ» КАФЕДРА №3 ОТЧЕТ ЗАЩИЩЕН С ОЦЕНКОЙ _____________________ ПРЕПОДАВАТЕЛЬ Доцент, к.ф.-м.н. Г.В. Терещенко должность, уч. степень, звание подпись, дата инициалы, фамилия ОТЧЕТ О ЛАБОРАТОРНОЙ РАБОТЕ № 1 Определение электрического сопротивления по курсу: ОБЩАЯ ФИЗИКА СТУДЕНТ ГР. № 2253 И. В. Коновалов номер группы подпись, дата инициалы, фамилия Санкт-Петербург 20 2 2 -3- Лабораторная работа №1 Определение электрического сопротивления Цель работы : Ознакомиться с методикой обработки результатов измерен