МИНИСТЕРСТВО НАУКИ И ВЫСШЕГО ОБРАЗОВАНИЯ РОССИЙСКОЙ ФЕДЕРАЦИИ федеральное государственное автономное образовательное учреждение высшего образования «САНКТ-ПЕТЕРБУРГСКИЙ ГОСУДАРСТВЕННЫЙ УНИВЕРСИТЕТ АЭРОКОСМИЧЕСКОГО ПРИБОРОСТРОЕНИЯ» (ГУАП) КАФЕДРА ВЫЧИСЛИТЕЛЬНЫХ СИСТЕМ И СЕТЕЙ Преподаватель канд. техн. наук, доцент Л.Н. Бариков Отчет по лабораторной работе № 10 по дисциплине Информатика на тему: « Динамические массивы » Работу выполнил студент гр. 434 2 Иванов С.М. Санкт-Петербург 202 4 16. А. Дан массив d 0 , d 1 , d 2 ,…, d 2 n - 1 . Определить количество и сумму отрицательных значений элементов массива, лежащих между последним элементом с наименьшим неотрицательным значением и элементом с номером n . Б. В з