Алгоритм подпункта А: : Пользователь вводит длину массива n. Функция запрашивает у пользователя ввод 2n элементов, которые сохраняются в динамически выделенном массиве. : Функция проходит по массиву с конца и находит индекс последнего минимального неотрицательного элемента. : Функция считает количество и суммирует все отрицательные элементы массива между индексом, найденным на предыдущем шаге, и серединой массива (индекс n). : В функции происходит многократное выполнение алгоритма, пока пользователь не завершит программу. Сначала программа запрашивает длину массива, потом выполняет описанные выше операции и выводит результаты. В конце пользователю предлагается либо повторить выполнение алгоритма