Алгоритм работы программы: Пользователь вводит длину последовательности целых чисел n. Если длина последовательности меньше 1, программа выдает сообщение об ошибке. Первый элемент последовательности сохраняется как начальный узел списка. Пользователю предлагается ввести символ для продолжения работы программы. Если пользователь вводит 'r' или 'R', программа запускается снова, начиная с шага ввода длины последовательности. Код программы: { }; { } { } doublyLinkedNode GetMin(doublyLinkedNode &list) { } doublyLin