МИНИСТЕРСТВО НАУКИ И ВЫСШЕГО ОБРАЗОВАНИЯ РОССИЙСКОЙ ФЕДЕРАЦИИ федеральное государственное автономное образовательное учреждение высшего образования «САНКТ-ПЕТЕРБУРГСКИЙ ГОСУДАРСТВЕННЫЙ УНИВЕРСИТЕТ АЭРОКОСМИЧЕСКОГО ПРИБОРОСТРОЕНИЯ» (ГУАП) КАФЕДРА ИСТОРИИ преподаватель Н.А.Бабина Доклад по дисциплине История на тему: “борьба за власть после смерти Ивана Грозного” Работу выполнил студент гр. 4342 С.М.Иванов Санкт-Петербург 2023 Борьба за власть после смерти царя Ивана Грозного После смерти Ивана IV Грозного в 1584 году трон перешел к его умственно несостоятельному сыну, Федору (1584–1598). Новый царь не обладал способностью к управлению государством и доверил управление Россией своему опекуну, Борису Годунову 