МИНИСТЕРСТВО НАУКИ И ВЫСШЕГО ОБРАЗОВАНИЯ РОССИЙСКОЙ ФЕДЕРАЦИИ федеральное государственное автономное образовательное учреждение высшего образования «САНКТ-ПЕТЕРБУРГСКИЙ ГОСУДАРСТВЕННЫЙ УНИВЕРСИТЕТ АЭРОКОСМИЧЕСКОГО ПРИБОРОСТРОЕНИЯ» (ГУАП) КАФЕДРА ВЫЧИСЛИТЕЛЬНЫХ СИСТЕМ И СЕТЕЙ Преподаватель канд. техн. наук, доцент Л.Н. Бариков Отчет по лабораторной работе №1 по дисциплине Информатика на тему: «Системы счисления» Работу выполнил студент гр. 4341 C.М.Иванов Санкт-Петербург 2023 Вариант 16. Выполнить поразрядные логические операции над целыми числами 117 ˄ 80 117 ∆ 80 117 >> 3 -117 ∆  ¬ 15 ˄ ( ¬ 82 ˅ -25) Математическая модель (ручной счёт) 1. Находим внутреннее представление используемых десятичных чисел. Для этого переводим их в дво