МИНИСТЕРСТВО НАУКИ И ВЫСШЕГО ОБРАЗОВАНИЯ РОССИЙСКОЙ ФЕДЕРАЦИИ федеральное государственное автономное образовательное учреждение высшего образования «САНКТ-ПЕТЕРБУРГСКИЙ ГОСУДАРСТВЕННЫЙ УНИВЕРСИТЕТ АЭРОКОСМИЧЕСКОГО ПРИБОРОСТРОЕНИЯ» (ГУАП) КАФЕДРА Преподаватель Отчет по лабораторной работе № Установка GNU/Linux как второй операционной системы Работу выполнил Санкт-Петербург научиться устанавливать Linux, ознакомиться с MBR и GPT, изучить процесс загрузки операционной системы. Ход работы: Установили virtualbox с windows 11: Половина диска отдана windows, половина linux. Выбран дистрибутив . Создано 3 раздела (#-#) для системы, для файла подкачки и домашний раздел пользователя. Карта дискового пространства из 